#
# A fatal error has been detected by the Java Runtime Environment:
#
#  EXCEPTION_ACCESS_VIOLATION (0xc0000005) at pc=0x38283804, pid=7124, tid=6540
#
# JRE version: 7.0-b147
# Java VM: Java HotSpot(TM) Client VM (21.0-b17 mixed mode, sharing windows-x86 )
# Problematic frame:
# C  0x38283804
#
# Failed to write core dump. Minidumps are not enabled by default on client versions of Windows
#
# If you would like to submit a bug report, please visit:
#   http://bugreport.sun.com/bugreport/crash.jsp
# The crash happened outside the Java Virtual Machine in native code.
# See problematic frame for where to report the bug.
#

---------------  T H R E A D  ---------------

Current thread (0x02310000):  JavaThread "Thread-9" [_thread_in_native, id=6540, stack(0x059b0000,0x05a00000)]

siginfo: ExceptionCode=0xc0000005, ExceptionInformation=0x00000008 0x38283804

Registers:
EAX=0x38283804, EBX=0x00000000, ECX=0x00000001, EDX=0x059ff400
ESP=0x059ff4c0, EBP=0x000000e7, ESI=0x005822e0, EDI=0x057c2300
EIP=0x38283804, EFLAGS=0x00010202

Top of Stack: (sp=0x059ff4c0)
0x059ff4c0:   04d6c936 005822e0 02310000 343e4e90
0x059ff4d0:   059ff53c 00000000 04d2a46c 00000000
0x059ff4e0:   02310000 343e4e90 343e4e90 059ff53c
0x059ff4f0:   00000000 02310000 343e4e90 059ff4d4
0x059ff500:   04d2a417 059ff740 00000000 56433230
0x059ff510:   00000000 059ff534 75db9d45 005a0000
0x059ff520:   00000000 00000008 02310000 343e4e90
0x059ff530:   059ff9c8 04e7e0f8 00000000 059ff5a8 

Instructions: (pc=0x38283804)
0x382837e4:   
[error occurred during error reporting (printing registers, top of stack, instructions near pc), id 0xc0000005]

Register to memory mapping:

EAX=0x38283804 is an unallocated location in the heap
EBX=0x00000000 is an unknown value
ECX=0x00000001 is an unknown value
EDX=0x059ff400 is pointing into the stack for thread: 0x02310000
ESP=0x059ff4c0 is pointing into the stack for thread: 0x02310000
EBP=0x000000e7 is an unknown value
ESI=0x005822e0 is an unknown value
EDI=0x057c2300 is an unknown value


Stack: [0x059b0000,0x05a00000],  sp=0x059ff4c0,  free space=317k
Native frames: (J=compiled Java code, j=interpreted, Vv=VM code, C=native code)
C  0x38283804

Java frames: (J=compiled Java code, j=interpreted, Vv=VM code)
j  callin.Tuple.init(I)V+0
j  callin.Tuple.<init>(I)V+11
j  javaTest.startThread(Lcallout/CallContext;Lcallin/Tuple;)V+5
v  ~StubRoutines::call_stub

---------------  P R O C E S S  ---------------

Java Threads: ( => current thread )
=>0x02310000 JavaThread "Thread-9" [_thread_in_native, id=6540, stack(0x059b0000,0x05a00000)]
  0x0231d000 JavaThread "Thread-7" [_thread_in_native, id=3504, stack(0x05f60000,0x05fb0000)]
  0x02318c00 JavaThread "Thread-5" [_thread_in_native, id=6748, stack(0x05d60000,0x05db0000)]
  0x02318800 JavaThread "Thread-3" [_thread_in_native, id=6672, stack(0x06150000,0x061a0000)]
  0x04b9d000 JavaThread "Thread-1" [_thread_in_native, id=7148, stack(0x062c0000,0x06310000)]
  0x022fb400 JavaThread "Service Thread" daemon [_thread_blocked, id=5236, stack(0x04970000,0x049c0000)]
  0x022eac00 JavaThread "C1 CompilerThread0" daemon [_thread_blocked, id=6296, stack(0x04910000,0x04960000)]
  0x022e9c00 JavaThread "Attach Listener" daemon [_thread_blocked, id=6256, stack(0x049d0000,0x04a20000)]
  0x022e6800 JavaThread "Signal Dispatcher" daemon [_thread_blocked, id=6720, stack(0x047b0000,0x04800000)]
  0x022d9c00 JavaThread "Finalizer" daemon [_thread_blocked, id=6532, stack(0x04600000,0x04650000)]
  0x022d8400 JavaThread "Reference Handler" daemon [_thread_blocked, id=5376, stack(0x04430000,0x04480000)]
  0x0223e800 JavaThread "main" [_thread_in_native, id=1360, stack(0x00370000,0x003c0000)]

Other Threads:
  0x022d6800 VMThread [stack: 0x045a0000,0x045f0000] [id=4536]
  0x02305400 WatcherThread [stack: 0x04ad0000,0x04b20000] [id=7116]

VM state:not at safepoint (normal execution)

VM Mutex/Monitor currently owned by a thread: None

Heap
 def new generation   total 4928K, used 1362K [0x243c0000, 0x24910000, 0x29910000)
  eden space 4416K,  30% used [0x243c0000, 0x24514910, 0x24810000)
  from space 512K,   0% used [0x24810000, 0x24810000, 0x24890000)
  to   space 512K,   0% used [0x24890000, 0x24890000, 0x24910000)
 tenured generation   total 10944K, used 0K [0x29910000, 0x2a3c0000, 0x343c0000)
   the space 10944K,   0% used [0x29910000, 0x29910000, 0x29910200, 0x2a3c0000)
 compacting perm gen  total 12288K, used 198K [0x343c0000, 0x34fc0000, 0x383c0000)
   the space 12288K,   1% used [0x343c0000, 0x343f18e8, 0x343f1a00, 0x34fc0000)
    ro space 10240K,  42% used [0x383c0000, 0x387fc660, 0x387fc800, 0x38dc0000)
    rw space 12288K,  53% used [0x38dc0000, 0x39438180, 0x39438200, 0x399c0000)

Code Cache  [0x02420000, 0x02498000, 0x04420000)
 total_blobs=155 nmethods=23 adapters=66 free_code_cache=32290Kb largest_free_block=33065664

Dynamic libraries:
0x00df0000 - 0x00e1e000 	C:\Windows\SysWOW64\java.exe
0x77480000 - 0x77600000 	C:\Windows\SysWOW64\ntdll.dll
0x75ae0000 - 0x75bf0000 	C:\Windows\syswow64\kernel32.dll
0x74f30000 - 0x74f77000 	C:\Windows\syswow64\KERNELBASE.dll
0x752d0000 - 0x75370000 	C:\Windows\syswow64\ADVAPI32.dll
0x75db0000 - 0x75e5c000 	C:\Windows\syswow64\msvcrt.dll
0x753b0000 - 0x753c9000 	C:\Windows\SysWOW64\sechost.dll
0x75650000 - 0x75740000 	C:\Windows\syswow64\RPCRT4.dll
0x74ed0000 - 0x74f30000 	C:\Windows\syswow64\SspiCli.dll
0x74ec0000 - 0x74ecc000 	C:\Windows\syswow64\CRYPTBASE.dll
0x75750000 - 0x75850000 	C:\Windows\syswow64\USER32.dll
0x75bf0000 - 0x75c80000 	C:\Windows\syswow64\GDI32.dll
0x75c80000 - 0x75c8a000 	C:\Windows\syswow64\LPK.dll
0x74f80000 - 0x7501d000 	C:\Windows\syswow64\USP10.dll
0x72060000 - 0x721fe000 	C:\Windows\WinSxS\x86_microsoft.windows.common-controls_6595b64144ccf1df_6.0.7601.17514_none_41e6975e2bd6f2b2\COMCTL32.dll
0x76b50000 - 0x76ba7000 	C:\Windows\syswow64\SHLWAPI.dll
0x75a40000 - 0x75aa0000 	C:\Windows\system32\IMM32.DLL
0x753d0000 - 0x7549c000 	C:\Windows\syswow64\MSCTF.dll
0x5af50000 - 0x5b00e000 	C:\Program Files (x86)\Java\jre7\bin\msvcr100.dll
0x5a350000 - 0x5a671000 	C:\Program Files (x86)\Java\jre7\bin\client\jvm.dll
0x729d0000 - 0x729d7000 	C:\Windows\SysWOW64\WSOCK32.dll
0x75370000 - 0x753a5000 	C:\Windows\syswow64\WS2_32.dll
0x75e60000 - 0x75e66000 	C:\Windows\syswow64\NSI.dll
0x72910000 - 0x72942000 	C:\Windows\SysWOW64\WINMM.dll
0x75a30000 - 0x75a35000 	C:\Windows\syswow64\PSAPI.DLL
0x5cc80000 - 0x5cc8c000 	C:\Program Files (x86)\Java\jre7\bin\verify.dll
0x5bed0000 - 0x5bef0000 	C:\Program Files (x86)\Java\jre7\bin\java.dll
0x5beb0000 - 0x5bec3000 	C:\Program Files (x86)\Java\jre7\bin\zip.dll
0x10000000 - 0x1000c000 	C:\AmosNT\bin\JavaAmos.dll
0x04d20000 - 0x04e6b000 	C:\AmosNT\bin\amos2.dll
0x00560000 - 0x0056c000 	C:\AmosNT\bin\bt.dll
0x00d70000 - 0x00d83000 	C:\AmosNT\bin\xt.dll
0x72900000 - 0x72910000 	C:\Windows\system32\NLAapi.dll
0x728f0000 - 0x72900000 	C:\Windows\system32\napinsp.dll
0x728d0000 - 0x728e2000 	C:\Windows\system32\pnrpnsp.dll
0x72890000 - 0x728cc000 	C:\Windows\System32\mswsock.dll
0x72840000 - 0x72884000 	C:\Windows\SysWOW64\DNSAPI.dll
0x72780000 - 0x72788000 	C:\Windows\System32\winrnr.dll
0x729b0000 - 0x729cc000 	C:\Windows\SysWOW64\IPHLPAPI.DLL
0x729a0000 - 0x729a7000 	C:\Windows\SysWOW64\WINNSI.DLL
0x72740000 - 0x72778000 	C:\Windows\System32\fwpuclnt.dll
0x72730000 - 0x72736000 	C:\Windows\SysWOW64\rasadhlp.dll
0x726b0000 - 0x726b5000 	C:\Windows\System32\wshtcpip.dll

VM Arguments:
java_command: JavaAMOS wsmed.dmp
Launcher Type: SUN_STANDARD

Environment Variables:
CLASSPATH=C:\AmosNT\\bin\javaamos.jar;C:\AmosNT\\embeddings\wsmos\AmosWebServer\lib\axis.jar;C:\AmosNT\\embeddings\wsmos\AmosWebServer\lib\commons-discovery-0.2.jar;C:\AmosNT\\embeddings\wsmos\AmosWebServer\lib\jaxrpc.jar;C:\AmosNT\\embeddings\wsmos\AmosWebServer\lib\saaj.jar;C:\AmosNT\\bin\javaamos.jar;C:\AmosNT\\embeddings\wsmos\AmosWebServer\lib\QuickServer.jar;C:\AmosNT\\embeddings\wsmos\AmosWebServer\lib\commons-httpclient-3.0-rc4.jar;C:\AmosNT\\embeddings\wsmos\AmosWebServer\lib\commons-pool.jar;.;;classes;C:\AmosNT\\wsmed\lib\xercesImpl.jar;C:\AmosNT\\wsmed\lib\jdom.jar;C:\AmosNT\\wsmed\lib\qname.jar;C:\AmosNT\\wsmed\lib\wsdl4j.jar;C:\AmosNT\\wsmed\lib\castor-1.0.2.jar;C:\AmosNT\\wsmed\lib\saaj-api.jar;C:\AmosNT\\wsmed\lib\jaxp-api.jar;C:\AmosNT\\wsmed\lib\jax-qname.jar;C:\AmosNT\\wsmed\lib\jaxm-api.jar;C:\AmosNT\\bin\javaamos.jar;C:\AmosNT\\jarlib\mysql-connector-java-5.1.6-bin.jar;C:\AmosNT\\wsmed\WSBench\classes;
PATH=C:\AmosNT\\bin;C:\XEmacs\XEmacs-21.4.5i586-pc-win32;C:\Windows\system32;C:\Windows;C:\Windows\System32\Wbem;C:\Windows\System32\WindowsPowerShell\v1.0\;C:\Program Files\Mimer SQL 10.0\;C:\Program Files (x86)\Mimer SQL 10.0 32-bit Client;C:\Program Files (x86)\Graphviz 2.28\bin;C:\Program Files (x86)\Microsoft SQL Server\100\Tools\Binn\;C:\Program Files\Microsoft SQL Server\100\Tools\Binn\;C:\Program Files\Microsoft SQL Server\100\DTS\Binn\;C:\Program Files (x86)\Microsoft SQL Server\100\Tools\Binn\VSShell\Common7\IDE\;C:\Program Files (x86)\Microsoft Visual Studio 9.0\Common7\IDE\PrivateAssemblies\;C:\Program Files (x86)\Microsoft SQL Server\100\DTS\Binn\;C:\Microsoft Visual Studio\Common\Tools\WinNT;C:\Microsoft Visual Studio\Common\MSDev98\Bin;C:\Microsoft Visual Studio\Common\Tools;C:\Microsoft Visual Studio\VC98\bin;C:\utils;C:\Program Files (x86)\Java\jdk1.7.0\bin;C:\AmosNT\bin;C:\root\bin;C:\Program Files\Mimer SQL 10.0;C:\AmosNT\bin;C:\Program Files\gnuplot\bin;C:\Program Files (x86)\Google\google_appengine;C:\XEmacs\XEmacs-21.4.5\i586-pc-win32;C:\Python25;C:\Program Files (x86)\Google\google_appengine\
USERNAME=minzh812
OS=Windows_NT
PROCESSOR_IDENTIFIER=Intel64 Family 6 Model 23 Stepping 10, GenuineIntel



---------------  S Y S T E M  ---------------

OS: Windows 7 , 64 bit Build 7601 Service Pack 1

CPU:total 4 (4 cores per cpu, 1 threads per core) family 6 model 23 stepping 10, cmov, cx8, fxsr, mmx, sse, sse2, sse3, ssse3, sse4.1

Memory: 4k page, physical 4058364k(1641248k free), swap 8114868k(4473440k free)

vm_info: Java HotSpot(TM) Client VM (21.0-b17) for windows-x86 JRE (1.7.0-b147), built on Jun 27 2011 02:25:52 by "java_re" with unknown MS VC++:1600

time: Mon Aug 26 17:06:34 2013
elapsed time: 1028 seconds

