#(0 58 813 30 1 0 1 27 147319 -1 -1 -1 -1 -1 -1)
#(0 58 814 30 1 0 1 27 147319 -1 -1 -1 -1 -1 -1)
#(0 58 815 30 1 0 1 27 147319 -1 -1 -1 -1 -1 -1)
#(0 58 816 30 1 0 1 27 147319 -1 -1 -1 -1 -1 -1)
#(0 58 817 30 1 0 1 27 147319 -1 -1 -1 -1 -1 -1)
#(0 58 818 30 1 0 1 27 147319 -1 -1 -1 -1 -1 -1)
#(0 58 819 30 1 0 1 27 147319 -1 -1 -1 -1 -1 -1)
#(0 58 820 30 1 0 1 27 147319 -1 -1 -1 -1 -1 -1)
#(0 58 821 30 1 0 1 27 147319 -1 -1 -1 -1 -1 -1)
#(0 58 822 30 1 0 1 27 147319 -1 -1 -1 -1 -1 -1)
#(0 58 823 30 1 0 1 27 147319 -1 -1 -1 -1 -1 -1)
#(0 58 824 30 1 0 1 27 147319 -1 -1 -1 -1 -1 -1)
#(0 58 825 30 1 0 1 27 147319 -1 -1 -1 -1 -1 -1)
#(0 58 826 30 1 0 1 27 147319 -1 -1 -1 -1 -1 -1)
#(0 58 827 30 1 0 1 27 147319 -1 -1 -1 -1 -1 -1)
#(0 58 828 30 1 0 1 27 147319 -1 -1 -1 -1 -1 -1)
#(0 58 829 30 1 0 1 27 147319 -1 -1 -1 -1 -1 -1)
#(0 58 830 30 1 0 1 27 147319 -1 -1 -1 -1 -1 -1)
#(0 58 831 30 1 0 1 27 147319 -1 -1 -1 -1 -1 -1)
#(0 58 830 30 1 0 1 27 147319 -1 -1 -1 -1 -1 -1)
#(0 58 833 30 1 0 1 27 147319 -1 -1 -1 -1 -1 -1)
#(0 58 834 30 1 0 1 27 147319 -1 -1 -1 -1 -1 -1)
#(0 58 835 30 1 0 1 27 147319 -1 -1 -1 -1 -1 -1)
#(0 58 836 30 1 0 1 27 147319 -1 -1 -1 -1 -1 -1)
#(0 58 837 30 1 0 1 27 147319 -1 -1 -1 -1 -1 -1)
#(0 58 838 30 1 0 1 27 147319 -1 -1 -1 -1 -1 -1)
#(0 58 839 30 1 0 1 27 147319 -1 -1 -1 -1 -1 -1)
#(0 58 840 30 1 0 1 27 147319 -1 -1 -1 -1 -1 -1)
#(0 58 841 30 1 0 1 27 147319 -1 -1 -1 -1 -1 -1)
#(0 58 842 30 1 0 1 27 147319 -1 -1 -1 -1 -1 -1)
#(0 58 843 30 1 0 1 27 147319 -1 -1 -1 -1 -1 -1)
#(0 58 844 30 1 0 1 27 147319 -1 -1 -1 -1 -1 -1)
#(0 58 845 30 1 0 1 27 147319 -1 -1 -1 -1 -1 -1)
#(0 58 846 30 1 0 1 27 147319 -1 -1 -1 -1 -1 -1)
#(0 58 847 30 1 0 1 27 147319 -1 -1 -1 -1 -1 -1)
#(0 58 848 30 1 0 1 27 147319 -1 -1 -1 -1 -1 -1)
#(0 58 849 30 1 0 1 27 147319 -1 -1 -1 -1 -1 -1)
#(0 58 850 30 1 0 1 27 147319 -1 -1 -1 -1 -1 -1)
#(0 58 851 30 1 0 1 27 147319 -1 -1 -1 -1 -1 -1)
#(0 58 852 30 1 0 1 27 147319 -1 -1 -1 -1 -1 -1)
#(0 58 853 30 1 0 1 27 147319 -1 -1 -1 -1 -1 -1)
#(0 58 854 30 1 0 1 27 147319 -1 -1 -1 -1 -1 -1)
#(0 58 855 30 1 0 1 27 147319 -1 -1 -1 -1 -1 -1)
#(0 58 856 30 1 0 1 27 147319 -1 -1 -1 -1 -1 -1)
#(0 58 857 30 1 0 1 27 147319 -1 -1 -1 -1 -1 -1)
#(0 58 858 30 1 0 1 27 147319 -1 -1 -1 -1 -1 -1)
#(0 58 859 30 1 0 1 27 147319 -1 -1 -1 -1 -1 -1)
#(0 58 860 30 1 0 1 27 147319 -1 -1 -1 -1 -1 -1)
#(0 58 861 30 1 0 1 27 147319 -1 -1 -1 -1 -1 -1)
#(0 58 862 30 1 0 1 27 147319 -1 -1 -1 -1 -1 -1)
#(0 58 863 30 1 0 1 27 147319 -1 -1 -1 -1 -1 -1)
#(0 58 864 30 1 0 1 27 147319 -1 -1 -1 -1 -1 -1)
#(0 59 813 32 0 0 1 27 147319 -1 -1 -1 -1 -1 -1)
#(0 59 814 32 0 0 1 27 147319 -1 -1 -1 -1 -1 -1)
#(0 59 815 32 0 0 1 27 147319 -1 -1 -1 -1 -1 -1)
#(0 59 816 32 0 0 1 27 147319 -1 -1 -1 -1 -1 -1)
#(0 59 817 32 0 0 1 27 147319 -1 -1 -1 -1 -1 -1)
#(0 59 818 32 0 0 1 27 147319 -1 -1 -1 -1 -1 -1)
#(0 59 819 32 0 0 1 27 147319 -1 -1 -1 -1 -1 -1)
#(0 59 820 32 0 0 1 27 147319 -1 -1 -1 -1 -1 -1)
#(0 59 821 32 0 0 1 27 147319 -1 -1 -1 -1 -1 -1)
#(0 59 822 32 0 0 1 27 147319 -1 -1 -1 -1 -1 -1)
#(0 59 823 32 0 0 1 27 147319 -1 -1 -1 -1 -1 -1)
#(0 59 824 32 0 0 1 27 147319 -1 -1 -1 -1 -1 -1)
#(0 59 825 32 0 0 1 27 147319 -1 -1 -1 -1 -1 -1)
#(0 59 826 32 0 0 1 27 147319 -1 -1 -1 -1 -1 -1)
#(0 59 827 32 0 0 1 27 147319 -1 -1 -1 -1 -1 -1)
#(0 59 828 32 0 0 1 27 147319 -1 -1 -1 -1 -1 -1)
#(0 59 829 32 0 0 1 27 147319 -1 -1 -1 -1 -1 -1)
#(0 59 830 32 0 0 1 27 147319 -1 -1 -1 -1 -1 -1)
#(0 59 831 32 0 0 1 27 147319 -1 -1 -1 -1 -1 -1)
#(0 59 832 32 0 0 1 27 147319 -1 -1 -1 -1 -1 -1)
#(0 59 833 32 0 0 1 27 147319 -1 -1 -1 -1 -1 -1)
#(0 59 834 32 0 0 1 27 147319 -1 -1 -1 -1 -1 -1)
#(0 59 835 32 0 0 1 27 147319 -1 -1 -1 -1 -1 -1)
#(0 59 836 32 0 0 1 27 147319 -1 -1 -1 -1 -1 -1)
#(0 59 837 32 0 0 1 27 147319 -1 -1 -1 -1 -1 -1)
#(0 59 838 32 0 0 1 27 147319 -1 -1 -1 -1 -1 -1)
#(0 59 839 32 0 0 1 27 147319 -1 -1 -1 -1 -1 -1)
#(0 59 840 32 0 0 1 27 147319 -1 -1 -1 -1 -1 -1)
#(0 59 841 32 0 0 1 27 147319 -1 -1 -1 -1 -1 -1)
#(0 59 842 32 0 0 1 27 147319 -1 -1 -1 -1 -1 -1)
#(0 59 843 32 0 0 1 27 147319 -1 -1 -1 -1 -1 -1)
#(0 59 844 32 0 0 1 27 147319 -1 -1 -1 -1 -1 -1)
#(0 59 845 32 0 0 1 27 147319 -1 -1 -1 -1 -1 -1)
#(0 59 846 32 0 0 1 27 147319 -1 -1 -1 -1 -1 -1)
#(0 59 847 32 0 0 1 27 147319 -1 -1 -1 -1 -1 -1)
#(0 59 848 32 0 0 1 27 147319 -1 -1 -1 -1 -1 -1)
#(0 59 849 32 0 0 1 27 147319 -1 -1 -1 -1 -1 -1)
#(0 59 850 32 0 0 1 27 147319 -1 -1 -1 -1 -1 -1)
#(0 59 851 32 0 0 1 27 147319 -1 -1 -1 -1 -1 -1)
#(0 59 852 32 0 0 1 27 147319 -1 -1 -1 -1 -1 -1)
#(0 59 853 32 0 0 1 27 147319 -1 -1 -1 -1 -1 -1)
#(0 59 854 32 0 0 1 27 147319 -1 -1 -1 -1 -1 -1)
#(0 59 855 32 0 0 1 27 147319 -1 -1 -1 -1 -1 -1)
#(0 59 856 32 0 0 1 27 147319 -1 -1 -1 -1 -1 -1)
#(0 59 857 32 0 0 1 27 147319 -1 -1 -1 -1 -1 -1)
#(0 59 858 32 0 0 1 27 147319 -1 -1 -1 -1 -1 -1)
#(0 59 859 32 0 0 1 27 147319 -1 -1 -1 -1 -1 -1)
#(0 59 860 32 0 0 1 27 147319 -1 -1 -1 -1 -1 -1)
#(0 59 861 32 0 0 1 27 147319 -1 -1 -1 -1 -1 -1)
#(0 59 862 32 0 0 1 27 147319 -1 -1 -1 -1 -1 -1)
#(0 59 863 32 0 0 1 27 147319 -1 -1 -1 -1 -1 -1)
#(0 59 864 32 0 0 1 27 147319 -1 -1 -1 -1 -1 -1)
#(0 60 555 37 0 2 1 27 147319 -1 -1 -1 -1 -1 -1)
#(0 61 555 37 0 2 1 28 147319 -1 -1 -1 -1 -1 -1)
#(0 63 555 37 1 2 1 27 147319 -1 -1 -1 -1 -1 -1)
#(2 63 555 -1 -1 -1 -1 -1 -1 1000 -1 -1 -1 -1 -1)
#(0 64 555 37 1 2 1 28 147319 -1 -1 -1 -1 -1 -1)
#(0 65 555 37 1 2 1 29 147319 -1 -1 -1 -1 -1 -1)
#(2 70 555 -1 -1 -1 -1 -1 -1 1001 -1 -1 -1 -1 -1)
#(2 80 555 -1 -1 -1 -1 -1 -1 1002 -1 -1 -1 -1 -1)
