#(2 4 0 1 4 0.0)
#(2 5 0 1 5 0.0)
#(2 6 0 2 6 0.0)
#(2 7 0 3 7 0.0)
#(2 31 0 5 1 0.0)
#(2 31 0 4 31 0.0)
#(2 37 0 8 37 0.0)
#(2 43 0 7 43 0.0)
#(2 43 0 8 43 0.0)
#(2 50 0 9 22 0.0)
#(2 51 0 11 51 0.0)
#(2 52 0 11 52 0.0)
#(2 62 0 15 37 0.0)
#(2 63 0 13 63 0.0)
#(2 64 0 14 64 0.0)
#(2 65 0 16 65 0.0)
#(2 66 0 17 66 0.0)
#(2 66 0 17 66 0.0)
#(2 67 0 18 67 0.0)
#(2 72 0 20 72 0.0)
#(2 76 0 21 76 0.0)
#(2 76 0 22 76 0.0)
#(2 76 0 22 76 0.0)
#(2 81 0 23 81 0.0)
#(2 81 0 24 81 0.0)
#(2 84 0 24 84 0.0)
#(2 85 0 25 85 0.0)
#(2 89 0 26 89 0.0)
#(2 94 0 27 64 0.0)
#(2 96 0 28 96 0.0)
#(2 97 0 29 97 0.0)
#(2 99 0 29 99 0.0)
#(2 105 0 30 105 0.0)
#(2 106 0 30 106 0.0)
#(2 110 0 31 53 0.0)
#(2 110 0 32 80 0.0)
#(2 114 0 34 114 0.0)
#(2 119 0 36 119 0.0)
#(2 121 0 34 121 0.0)
#(2 122 0 35 122 0.0)
#(2 123 0 36 67 0.0)
#(2 126 0 38 126 0.0)
#(2 126 0 39 41 0.0)
#(2 126 0 37 126 0.0)
#(2 127 0 43 127 0.0)
#(2 127 0 40 97 0.0)
#(2 127 0 42 127 0.0)
#(2 128 0 45 128 0.0)
#(2 129 0 47 99 0.0)
#(2 131 0 41 131 0.0)
#(2 132 0 49 132 0.0)
#(2 132 0 50 132 0.0)
#(2 135 0 43 135 0.0)
#(2 139 0 57 139 0.0)
#(2 142 0 45 142 0.0)
#(2 143 0 47 143 0.0)
#(2 144 0 59 144 0.0)
#(2 147 0 61 121 0.0)
#(2 147 0 62 147 0.0)
#(2 153 0 52 123 0.0)
#(2 153 0 53 153 0.0)
#(2 154 0 55 154 0.0)
#(2 155 0 56 155 0.0)
#(2 156 0 64 156 0.0)
#(2 158 0 68 129 0.0)
#(2 159 0 59 129 0.0)
#(2 160 0 70 101 0.0)
#(2 161 0 60 161 0.0)
#(2 165 0 63 165 0.0)
#(2 165 0 62 165 0.0)
#(2 167 0 64 167 0.0)
#(2 170 0 65 170 0.0)
#(2 174 0 66 144 0.0)
#(2 174 0 75 114 0.0)
#(2 176 0 68 176 0.0)
#(2 176 0 69 176 0.0)
#(2 178 0 79 89 0.0)
#(2 182 0 82 92 0.0)
#(2 182 0 72 182 0.0)
#(2 185 0 85 153 0.0)
#(2 185 0 84 161 0.0)
#(2 187 0 75 187 0.0)
#(2 189 0 76 189 0.0)
#(2 190 0 89 190 0.0)
#(2 190 0 87 136 0.0)
#(2 192 0 92 103 0.0)
#(2 193 0 93 138 0.0)
#(2 196 0 94 196 0.0)
#(2 197 0 96 197 0.0)
#(2 199 0 97 199 0.0)
#(2 200 0 98 170 0.0)
#(2 200 0 81 200 0.0)
#(2 200 0 99 172 0.0)
#(2 201 0 100 201 0.0)
#(2 202 0 101 202 0.0)
#(2 202 0 102 202 0.0)
#(2 204 0 104 204 0.0)
#(2 206 0 83 176 0.0)
#(2 206 0 105 206 0.0)
#(2 207 0 87 177 0.0)
#(2 209 0 88 209 0.0)
#(2 211 0 89 181 0.0)
#(2 212 0 90 212 0.0)
#(2 215 0 111 215 0.0)
#(2 216 0 113 189 0.0)
#(2 218 0 115 218 0.0)
#(2 218 0 114 191 0.0)
#(2 219 0 94 189 0.0)
#(2 220 0 116 220 0.0)
#(2 223 0 96 223 0.0)
#(2 227 0 121 169 0.0)
#(2 227 0 99 227 0.0)
#(2 228 0 122 228 0.0)
#(2 229 0 105 229 0.0)
#(2 231 0 123 231 0.0)
#(2 232 0 124 147 0.0)
#(2 233 0 109 233 0.0)
#(2 237 0 127 237 0.0)
#(2 241 0 128 241 0.0)
#(2 242 0 129 188 0.0)
#(2 243 0 130 243 0.0)
#(2 246 0 116 246 0.0)
#(2 246 0 132 217 0.0)
#(2 248 0 136 248 0.0)
#(2 251 0 121 191 0.0)
#(2 252 0 138 192 0.0)
#(2 252 0 139 252 0.0)
#(2 253 0 122 253 0.0)
#(2 254 0 124 254 0.0)
#(2 254 0 140 254 0.0)
#(2 256 0 126 256 0.0)
#(2 256 0 141 168 0.0)
#(2 257 0 127 257 0.0)
#(2 259 0 146 259 0.0)
#(2 259 0 145 259 0.0)
#(2 259 0 129 259 0.0)
#(2 262 0 131 262 0.0)
#(2 264 0 132 264 0.0)
#(2 265 0 147 265 0.0)
#(2 268 0 135 268 0.0)
#(2 268 0 150 267 0.0)
#(2 269 0 136 269 0.0)
#(2 270 0 151 270 0.0)
#(2 271 0 152 214 0.0)
#(2 271 0 138 271 0.0)
#(2 274 0 157 274 0.0)
#(2 275 0 159 275 0.0)
#(2 276 0 160 276 0.0)
#(2 276 0 143 276 0.0)
#(2 277 0 161 277 0.0)
#(2 278 0 144 248 0.0)
#(2 278 0 145 278 0.0)
#(2 279 0 162 220 0.0)
#(2 279 0 146 249 0.0)
#(2 280 0 147 280 0.0)
#(2 281 0 148 281 0.0)
#(2 281 0 167 252 0.0)
#(2 282 0 149 252 0.0)
#(2 283 0 150 283 0.0)
#(2 283 0 152 223 0.0)
#(2 284 0 170 196 0.0)
#(2 285 0 154 285 0.0)
#(2 286 0 173 286 0.0)
#(2 287 0 176 287 0.0)
#(2 287 0 177 287 0.0)
#(2 289 0 157 289 0.0)
#(2 289 0 158 259 0.0)
#(2 292 0 160 232 0.0)
#(2 293 0 164 263 0.0)
#(2 293 0 162 293 0.0)
#(2 294 0 166 264 0.0)
#(2 295 0 168 295 0.0)
#(2 296 0 181 236 0.0)
#(2 296 0 182 296 0.0)
#(2 297 0 183 297 0.0)
#(2 297 0 184 238 0.0)
#(2 299 0 185 210 0.0)
#(2 301 0 171 301 0.0)
#(2 301 0 172 301 0.0)
#(2 303 0 195 246 0.0)
#(2 304 0 175 244 0.0)
#(2 305 0 180 305 0.0)
#(2 305 0 182 275 0.0)
#(2 305 0 179 305 0.0)
#(2 305 0 197 305 0.0)
#(2 305 0 198 304 0.0)
#(2 306 0 184 306 0.0)
#(2 306 0 199 282 0.0)
#(2 307 0 185 277 0.0)
#(2 308 0 203 308 0.0)
#(2 310 0 204 310 0.0)
#(2 310 0 205 251 0.0)
#(2 310 0 188 310 0.0)
#(2 312 0 190 312 0.0)
#(2 313 0 192 283 0.0)
#(2 313 0 210 313 0.0)
#(2 313 0 211 283 0.0)
#(2 313 0 191 313 0.0)
#(2 315 0 214 315 0.0)
#(2 315 0 193 315 0.0)
#(2 315 0 213 315 0.0)
#(2 316 0 216 316 0.0)
#(2 316 0 218 316 0.0)
#(2 316 0 215 288 0.0)
#(2 316 0 217 316 0.0)
#(2 317 0 194 317 0.0)
#(2 318 0 195 318 0.0)
#(2 319 0 196 319 0.0)
#(2 320 0 224 295 0.0)
#(2 320 0 226 262 0.0)
#(2 320 0 197 320 0.0)
#(2 321 0 198 321 0.0)
#(2 321 0 227 321 0.0)
#(2 322 0 199 262 0.0)
#(2 324 0 203 324 0.0)
#(2 326 0 229 326 0.0)
#(2 326 0 204 266 0.0)
#(2 327 0 206 327 0.0)
#(2 327 0 205 327 0.0)
#(2 328 0 231 328 0.0)
#(2 329 0 207 329 0.0)
#(2 330 0 208 330 0.0)
#(2 331 0 233 272 0.0)
#(2 331 0 210 301 0.0)
#(2 333 0 236 333 0.0)
#(2 335 0 242 335 0.0)
#(2 335 0 213 335 0.0)
#(2 340 0 216 310 0.0)
#(2 340 0 218 310 0.0)
#(2 341 0 245 282 0.0)
#(2 341 0 219 341 0.0)
#(2 342 0 246 342 0.0)
#(2 343 0 220 343 0.0)
#(2 345 0 224 345 0.0)
#(2 345 0 223 345 0.0)
#(2 346 0 251 346 0.0)
#(2 346 0 250 261 0.0)
#(2 347 0 253 347 0.0)
#(2 349 0 229 289 0.0)
#(2 350 0 230 350 0.0)
#(2 350 0 231 350 0.0)
#(2 351 0 255 351 0.0)
#(2 352 0 234 352 0.0)
#(2 352 0 235 322 0.0)
#(2 352 0 256 352 0.0)
#(2 354 0 237 264 0.0)
#(2 356 0 238 326 0.0)
#(2 357 0 264 301 0.0)
#(2 357 0 240 357 0.0)
#(2 357 0 241 297 0.0)
#(2 358 0 265 358 0.0)
#(2 362 0 266 362 0.0)
#(2 363 0 247 333 0.0)
#(2 364 0 267 364 0.0)
#(2 368 0 251 368 0.0)
#(2 369 0 254 369 0.0)
#(2 374 0 275 369 0.0)
#(2 375 0 258 375 0.0)
#(2 375 0 260 345 0.0)
#(2 375 0 277 346 0.0)
#(2 376 0 278 376 0.0)
#(2 377 0 262 347 0.0)
#(2 378 0 263 378 0.0)
#(2 382 0 285 382 0.0)
#(2 382 0 268 382 0.0)
#(2 383 0 287 350 0.0)
#(2 384 0 288 329 0.0)
#(2 384 0 289 384 0.0)
#(2 385 0 270 385 0.0)
#(2 386 0 271 386 0.0)
#(2 387 0 291 325 0.0)
#(2 388 0 293 208 0.0)
#(2 388 0 292 388 0.0)
#(2 389 0 272 389 0.0)
#(2 390 0 273 390 0.0)
#(2 391 0 277 391 0.0)
#(2 391 0 295 360 0.0)
#(2 392 0 278 392 0.0)
#(2 392 0 297 392 0.0)
#(2 394 0 281 394 0.0)
#(2 394 0 282 394 0.0)
#(2 394 0 298 394 0.0)
#(2 395 0 300 364 0.0)
#(2 396 0 284 396 0.0)
#(2 397 0 305 366 0.0)
#(2 397 0 304 397 0.0)
#(2 398 0 306 398 0.0)
#(2 398 0 307 341 0.0)
#(2 399 0 290 399 0.0)
#(2 399 0 309 399 0.0)
#(2 399 0 308 340 0.0)
#(2 399 0 289 399 0.0)
