#(1 360 110.547 1236 69)
#(1 360 110.547 1238 69)
#(1 360 110.547 1847 69)
#(1 360 110.547 2125 69)
#(1 362 110.625 869 69)
#(1 362 110.625 1261 69)
#(1 362 110.625 2431 69)
#(1 363 110.656 134 69)
#(1 363 110.656 504 69)
#(1 363 110.672 3751 69)
#(1 364 110.703 158 69)
#(1 364 110.703 2445 69)
#(1 364 110.703 2999 69)
#(1 365 110.75 174 69)
#(1 365 110.75 2173 69)
#(1 365 110.75 2176 69)
#(1 365 110.75 2460 69)
#(1 366 110.781 3017 69)
#(1 366 110.781 3784 69)
#(1 367 110.812 192 69)
#(1 367 110.828 943 69)
#(1 367 110.828 1600 69)
#(1 367 110.828 1613 69)
#(1 367 110.828 2471 69)
#(1 367 110.828 3791 69)
#(1 368 110.875 202 69)
#(1 368 110.875 968 69)
#(1 368 110.89 3037 69)
#(1 369 110.922 1914 69)
#(1 369 110.922 2772 69)
#(1 370 110.953 1341 69)
#(1 370 110.953 1345 69)
#(1 370 110.953 1641 69)
#(1 370 110.968 2508 69)
#(1 371 111.0 602 69)
#(1 371 111.0 3059 69)
#(1 372 111.031 255 69)
#(1 372 111.031 263 69)
#(1 372 111.031 1028 69)
#(1 373 111.062 1381 69)
#(1 373 111.062 1674 69)
#(1 373 111.078 2809 69)
#(1 373 111.078 3080 69)
#(1 374 111.109 631 69)
#(1 374 111.109 1976 69)
#(1 374 111.125 3864 69)
#(1 375 111.156 3095 69)
#(1 376 111.218 3103 69)
#(1 376 111.234 3881 69)
#(1 378 111.297 1093 69)
#(1 379 111.343 1437 69)
#(1 379 111.343 1740 69)
#(1 379 111.343 2309 69)
#(1 379 111.343 3121 69)
#(1 379 111.343 3911 69)
#(1 381 111.406 728 69)
#(1 381 111.422 2034 69)
#(1 381 111.422 2319 69)
#(1 381 111.422 2615 69)
#(1 381 111.422 2870 69)
#(1 382 111.453 1470 69)
#(1 382 111.453 1477 69)
#(1 382 111.468 2616 69)
#(1 382 111.468 3931 69)
#(1 383 111.5 1483 69)
#(1 384 111.547 1486 69)
#(1 384 111.547 2901 69)
#(1 386 111.625 1183 69)
#(1 386 111.625 1510 69)
#(1 386 111.625 2085 69)
#(1 386 111.625 2090 69)
#(1 386 111.625 2659 69)
#(1 387 111.656 1518 69)
#(1 387 111.656 2095 69)
#(1 387 111.656 2672 69)
#(1 387 111.656 2931 69)
#(1 387 111.672 3974 69)
#(1 388 111.703 440 69)
#(1 388 111.718 3204 69)
#(1 389 111.75 837 69)
#(1 389 111.75 2114 69)
#(1 389 111.75 2118 69)
#(1 391 111.843 1552 69)
#(1 391 111.843 2138 69)
#(1 391 111.843 3225 69)
#(1 391 111.843 4017 69)
#(1 392 111.875 122 69)
#(1 392 111.89 1560 69)
#(1 393 111.937 4032 69)
#(1 394 111.984 4038 69)
#(1 395 112.015 524 69)
#(1 395 112.031 2460 69)
#(1 395 112.031 4050 69)
#(1 396 112.062 538 69)
#(1 396 112.062 4062 69)
#(1 397 112.093 1322 69)
#(1 397 112.109 2757 69)
#(1 397 112.109 3279 69)
#(1 398 112.14 1905 69)
#(1 398 112.14 4066 69)
#(1 399 112.187 564 69)
#(1 399 112.187 567 69)
#(1 399 112.187 984 69)
