#(3 92 104.937 119764 12)
#(3 98 104.984 28 90)
#(3 111 105.093 119769 45)
#(3 114 105.109 33 34)
#(3 119 105.172 119770 2)
#(3 126 105.25 39 9)
#(3 127 105.265 119777 34)
#(3 133 105.328 42 32)
#(3 136 105.375 119791 6)
#(3 142 105.437 46 32)
#(3 151 105.531 50 5)
#(3 170 105.797 119811 67)
#(3 184 106.015 119820 4)
#(3 185 106.031 119823 34)
#(3 191 106.14 119827 12)
#(3 204 106.359 82 32)
#(3 204 106.359 119840 7)
#(3 223 106.718 97 14)
#(3 228 106.812 102 26)
#(3 246 107.218 115 14)
#(3 246 107.218 117 87)
#(3 247 107.234 118 7)
#(3 249 107.281 119874 37)
#(3 250 107.312 119 12)
#(3 253 107.39 123 10)
#(3 272 107.859 119891 41)
#(3 275 107.937 119895 1)
#(3 281 108.093 119903 23)
#(3 285 108.187 153 6)
#(3 292 108.375 119915 23)
#(3 296 108.468 169 5)
#(3 297 108.484 170 5)
#(3 299 108.562 119924 0)
#(3 300 108.578 119928 12)
#(3 300 108.593 119925 1)
#(3 302 108.656 119931 1)
#(3 304 108.703 176 91)
#(3 304 108.703 178 1)
#(3 354 110.343 236 73)
#(3 365 110.75 248 40)
