#(2 4 86.157 0 86.141 0.0)
#(2 6 86.188 0 86.188 0.0)
#(2 8 86.204 0 86.204 0.0)
#(2 9 86.204 1 86.204 0.0)
#(2 13 86.235 1 86.235 0.0)
#(2 13 86.235 2 86.235 0.0)
#(2 23 86.313 1 86.313 0.0)
#(2 25 86.329 3 86.329 0.0)
#(2 30 86.375 2 86.375 0.0)
#(2 31 86.391 2 86.36 0.0)
#(2 31 86.391 4 86.391 0.0)
#(2 32 86.391 5 86.141 0.0)
#(2 34 86.422 4 86.391 0.0)
#(2 36 86.485 7 86.485 0.0)
#(2 37 86.5 8 86.5 0.0)
#(2 38 86.5 9 86.204 0.0)
#(2 39 86.516 6 86.204 0.0)
#(2 42 86.547 9 86.219 0.0)
#(2 43 86.563 10 86.235 0.0)
#(2 45 86.579 10 86.25 0.0)
#(2 46 86.594 11 86.563 0.0)
#(2 46 86.594 6 86.563 0.0)
#(2 47 86.594 11 86.282 0.0)
#(2 48 86.61 13 86.579 0.0)
#(2 48 86.61 12 86.594 0.0)
#(2 48 86.61 12 86.61 0.0)
#(2 49 86.625 8 86.282 0.0)
#(2 49 86.625 8 86.297 0.0)
#(2 50 86.625 9 86.313 0.0)
#(2 54 86.672 12 86.313 0.0)
#(2 54 86.672 15 86.329 0.0)
#(2 54 86.672 11 86.641 0.0)
#(2 54 86.672 10 86.641 0.0)
#(2 57 86.719 16 86.36 0.0)
#(2 58 86.719 14 86.344 0.0)
#(2 58 86.719 16 86.657 0.0)
#(2 60 86.75 15 86.125 0.0)
#(2 61 86.766 16 86.36 0.0)
#(2 63 86.797 17 86.375 0.0)
#(2 64 86.813 19 86.422 0.0)
#(2 65 86.829 20 86.172 0.0)
#(2 67 86.86 22 86.797 0.0)
#(2 68 86.875 21 86.797 0.0)
#(2 70 86.907 13 86.532 0.0)
#(2 71 86.907 22 86.219 0.0)
#(2 71 86.907 23 86.219 0.0)
#(2 72 86.922 23 86.86 0.0)
#(2 73 86.938 14 86.938 0.0)
#(2 74 86.954 24 86.25 0.0)
#(2 74 86.954 25 86.547 0.0)
#(2 75 86.969 25 86.922 0.0)
#(2 75 86.969 15 86.954 0.0)
#(2 77 87.0 16 86.61 0.0)
#(2 78 87.016 27 86.282 0.0)
#(2 78 87.016 23 86.282 0.0)
#(2 79 87.032 19 86.625 0.0)
#(2 80 87.047 28 86.297 0.0)
#(2 84 87.094 21 86.657 0.0)
#(2 84 87.094 30 87.047 0.0)
#(2 88 87.157 24 87.157 0.0)
#(2 88 87.157 24 87.157 0.0)
#(2 89 87.172 31 87.141 0.0)
#(2 90 87.204 32 87.157 0.0)
#(2 91 87.219 32 87.079 0.0)
#(2 93 87.266 33 86.719 0.0)
#(2 94 87.282 34 86.141 0.0)
#(2 94 87.282 27 86.813 0.0)
