#(0 0 114 30 0 0 0 0 497 -1 -1 -1 -1 -1 -1)
#(0 0 137391 30 1 0 0 0 497 -1 -1 -1 -1 -1 -1)
#(0 0 274668 30 2 0 0 0 497 -1 -1 -1 -1 -1 -1)
#(0 0 411945 30 3 0 0 0 497 -1 -1 -1 -1 -1 -1)
#(0 0 549211 30 4 0 0 18 95544 -1 -1 -1 -1 -1 -1)
#(0 0 686542 30 5 0 0 18 95544 -1 -1 -1 -1 -1 -1)
#(0 0 823873 30 6 0 0 18 95544 -1 -1 -1 -1 -1 -1)
#(0 0 961204 30 7 0 0 18 95544 -1 -1 -1 -1 -1 -1)
#(0 0 1098535 20 8 0 0 5 26737 -1 -1 -1 -1 -1 -1)
#(0 0 1236047 30 9 0 0 16 84971 -1 -1 -1 -1 -1 -1)
#(0 0 1373500 30 10 0 0 16 84971 -1 -1 -1 -1 -1 -1)
#(0 0 1510953 30 11 0 0 16 84971 -1 -1 -1 -1 -1 -1)
#(0 0 1648406 30 12 0 0 16 84971 -1 -1 -1 -1 -1 -1)
#(0 0 1785859 30 13 0 0 16 84971 -1 -1 -1 -1 -1 -1)
#(0 0 1923312 30 14 0 0 16 84971 -1 -1 -1 -1 -1 -1)
#(0 0 2060765 30 15 0 0 16 84971 -1 -1 -1 -1 -1 -1)
#(0 0 2198219 30 16 0 0 0 497 -1 -1 -1 -1 -1 -1)
#(0 0 2335496 30 17 0 0 0 497 -1 -1 -1 -1 -1 -1)
#(0 0 2472773 30 18 0 0 0 497 -1 -1 -1 -1 -1 -1)
#(0 0 2610050 30 19 0 0 0 497 -1 -1 -1 -1 -1 -1)
#(0 0 2747327 30 20 0 0 0 497 -1 -1 -1 -1 -1 -1)
#(0 0 2884595 34 21 0 0 5 26974 -1 -1 -1 -1 -1 -1)
#(0 0 3022228 34 22 0 0 5 26974 -1 -1 -1 -1 -1 -1)
#(0 0 3159861 34 23 0 0 5 26974 -1 -1 -1 -1 -1 -1)
#(0 0 3297494 34 24 0 0 5 26974 -1 -1 -1 -1 -1 -1)
#(0 0 3435126 29 25 0 0 0 489 -1 -1 -1 -1 -1 -1)
#(0 0 3572821 34 26 0 0 5 26974 -1 -1 -1 -1 -1 -1)
#(0 0 3710454 34 27 0 0 5 26974 -1 -1 -1 -1 -1 -1)
#(0 0 3848087 34 28 0 0 5 26974 -1 -1 -1 -1 -1 -1)
#(0 0 3985726 29 29 0 0 0 482 -1 -1 -1 -1 -1 -1)
#(0 0 4123107 29 30 0 0 0 488 -1 -1 -1 -1 -1 -1)
#(0 0 4260497 28 31 0 0 7 37425 -1 -1 -1 -1 -1 -1)
#(0 0 4397907 28 32 0 0 7 37425 -1 -1 -1 -1 -1 -1)
#(0 0 4535317 28 33 0 0 7 37425 -1 -1 -1 -1 -1 -1)
#(0 0 4672727 28 34 0 0 7 37425 -1 -1 -1 -1 -1 -1)
#(0 0 4810137 28 35 0 0 7 37425 -1 -1 -1 -1 -1 -1)
#(0 0 4947547 28 36 0 0 7 37425 -1 -1 -1 -1 -1 -1)
#(0 0 5084954 29 37 0 0 0 488 -1 -1 -1 -1 -1 -1)
#(0 0 5222350 30 38 0 0 0 497 -1 -1 -1 -1 -1 -1)
#(0 0 5359627 30 39 0 0 0 497 -1 -1 -1 -1 -1 -1)
#(0 0 5496904 30 40 0 0 0 497 -1 -1 -1 -1 -1 -1)
#(0 0 5634181 30 41 0 0 0 497 -1 -1 -1 -1 -1 -1)
#(0 0 5771447 30 42 0 0 18 95544 -1 -1 -1 -1 -1 -1)
#(0 0 5908778 30 43 0 0 18 95544 -1 -1 -1 -1 -1 -1)
#(0 0 6046109 30 44 0 0 18 95544 -1 -1 -1 -1 -1 -1)
#(0 0 6183440 30 45 0 0 18 95544 -1 -1 -1 -1 -1 -1)
#(0 0 6320771 20 46 0 0 5 26737 -1 -1 -1 -1 -1 -1)
#(0 0 6458283 30 47 0 0 16 84971 -1 -1 -1 -1 -1 -1)
#(0 0 6595736 30 48 0 0 16 84971 -1 -1 -1 -1 -1 -1)
#(0 0 6733189 30 49 0 0 16 84971 -1 -1 -1 -1 -1 -1)
#(0 0 6870642 30 50 0 0 16 84971 -1 -1 -1 -1 -1 -1)
#(0 0 7008095 30 51 0 0 16 84971 -1 -1 -1 -1 -1 -1)
#(0 0 7145548 30 52 0 0 16 84971 -1 -1 -1 -1 -1 -1)
#(0 0 7283001 30 53 0 0 16 84971 -1 -1 -1 -1 -1 -1)
#(0 0 7420455 30 54 0 0 0 497 -1 -1 -1 -1 -1 -1)
#(0 0 7557732 30 55 0 0 0 497 -1 -1 -1 -1 -1 -1)
#(0 0 7695009 30 56 0 0 0 497 -1 -1 -1 -1 -1 -1)
#(0 0 7832286 30 57 0 0 0 497 -1 -1 -1 -1 -1 -1)
#(0 0 7969563 30 58 0 0 0 497 -1 -1 -1 -1 -1 -1)
#(0 0 8106831 34 59 0 0 5 26974 -1 -1 -1 -1 -1 -1)
#(0 0 8244464 34 60 0 0 5 26974 -1 -1 -1 -1 -1 -1)
#(0 0 8382097 34 61 0 0 5 26974 -1 -1 -1 -1 -1 -1)
#(0 0 8519730 34 62 0 0 5 26974 -1 -1 -1 -1 -1 -1)
#(0 0 8657362 29 63 0 0 0 489 -1 -1 -1 -1 -1 -1)
