#(-2.9953 0.058343 -0.45738 0.57479)
#(-5.216 0.78872 0.0060233 0.23668)
#(2.952 -0.94177 1.4075 -0.17964)
#(3.1888 0.36794 -0.08647 0.19637)
#(-3.0608 -0.49238 0.026388 -0.11561)
#(3.1898 -1.0493 -0.86435 -0.12332)
#(2.8323 -0.033605 -0.096748 0.20389)
#(-3.1907 -0.042798 -0.43829 0.42425)
#(-3.9444 1.1876 -0.41727 0.58785)
#(-3.0453 -0.60999 0.066477 -0.085101)
#(-2.9428 0.83435 0.0027573 0.11178)
#(-4.9008 1.0308 1.031 -1.3189)
#(-3.0165 -0.22927 -0.32193 0.085834)
#(-2.2147 -0.052672 -0.48777 0.54237)
#(-5.0763 0.99046 1.04 -0.43426)
#(-5.193 0.88536 0.93625 -1.0295)
#(-3.8703 0.076016 -0.59365 0.51913)
#(-4.573 0.52703 0.25031 -0.82118)
#(-2.8329 0.033106 -0.65478 0.40528)
#(-5.0087 1.0245 -0.24846 -0.27954)
#(-5.118 0.37263 -0.11789 -0.17718)
#(-5.0505 0.74974 -0.021411 0.11827)
#(-3.8847 0.61669 -0.20691 0.60903)
#(-2.9577 0.54998 -0.077214 -0.073474)
#(-4.8337 0.90899 -0.11681 0.10643)
#(-5.3119 1.0562 0.069596 0.089735)
#(3.0303 -0.91484 0.37559 -0.061101)
#(2.1257 3.2888 0.268 0.4111)
#(2.8002 -0.93696 -0.80233 -0.14676)
#(-5.2489 0.85235 -0.13715 -0.29913)
#(-4.8695 1.0951 -0.29372 -0.011363)
#(-2.9081 0.16022 -0.055649 -0.10565)
#(3.01 -1.0396 -0.73238 -0.072901)
#(-2.8705 -0.88114 -0.16933 -0.21931)
#(-4.8895 1.11 0.90099 -1.189)
#(-3.9778 2.2772 0.26241 0.069263)
#(-3.0253 0.66685 0.13418 0.012835)
#(-2.9975 0.96563 -0.032721 -0.0038277)
#(-3.0729 -0.23321 0.0091774 -0.07225)
#(-4.8699 1.0172 -0.35759 -0.26964)
#(3.1647 -0.93198 -0.1256 -0.12875)
#(-4.9893 0.89397 1.0745 -1.2053)
#(-5.0298 0.74003 -0.35567 0.14218)
#(-3.1019 -0.33958 0.019749 0.031103)
#(2.9948 -1.0854 0.16626 -0.13492)
#(-0.63479 1.2733 0.40721 -0.059649)
#(-5.2787 1.026 0.29165 0.29854)
#(-3.4717 0.063126 -0.42516 0.51764)
#(3.0478 -0.77513 -0.093611 -0.14979)
#(-4.6381 0.9039 -0.50447 0.18687)
#(-2.9014 0.068636 -0.43927 0.53315)
#(-2.4442 0.010918 -0.45166 0.49934)
#(-5.1394 0.69487 -0.050019 0.024329)
#(-5.2332 0.77014 1.0128 -1.688)
#(2.6855 -0.47967 -0.096603 0.19252)
#(-2.9922 0.030297 -0.024406 0.021727)
#(-2.9427 -1.3251 0.062035 -0.073565)
#(-3.0166 0.35102 -0.023219 0.10044)
#(-2.5382 -0.081324 -0.65404 0.59195)
#(-4.854 1.0698 -0.37301 0.19087)
#(-4.9659 1.3602 -0.18241 -0.10547)
#(3.6809 0.59372 -0.080628 0.21411)
#(-0.31756 2.4456 -0.35301 -0.17071)
#(2.6023 0.1728 -0.096623 0.21104)
#(-3.0814 -0.10753 0.012729 0.050855)
#(3.3952 -0.94005 -0.11662 -0.17178)
#(-4.8265 1.3985 -0.24616 0.20091)
#(-4.882 0.92543 1.0241 -0.61969)
#(-5.1734 1.1313 0.37863 0.008871)
#(2.8748 -0.17112 -0.082546 0.21434)
#(2.3888 -0.27972 -0.099154 0.19651)
#(3.1175 -0.95062 -0.62944 -0.082394)
#(3.03 -1.0505 0.3561 -0.11038)
#(-4.9794 1.0028 -0.40968 0.23529)
#(1.0483 0.17596 0.36497 0.68359)
#(2.9853 -0.99812 -0.32538 -0.18695)
#(-0.92083 -0.65527 0.48177 0.1873)
#(-4.9837 0.84773 0.96267 -1.1606)
#(-3.0412 0.75626 0.06908 -0.038137)
#(-4.7237 1.0021 -0.03214 0.073252)
#(-4.8217 0.9253 -0.12405 0.13192)
#(-3.2985 0.0047319 -0.65377 0.56071)
#(-4.8246 1.098 1.1182 -1.4977)
#(-5.054 1.057 0.18901 0.2416)
#(-4.8248 0.82105 -0.18579 0.13536)
#(-4.9109 0.91787 -0.077815 -0.13996)
#(-3.0675 0.0945 -0.07952 0.092234)
#(2.583 0.178 -0.084969 0.21121)
#(-3.4501 -0.008924 -0.48157 0.32429)
#(-2.6628 0.071533 -0.56246 0.21268)
#(-5.1011 0.95195 1.0898 -0.87507)
#(-3.2972 -0.085017 -0.56028 0.39336)
#(2.6934 -1.0862 0.64704 -0.070061)
#(3.2599 -0.28791 -0.10928 0.20387)
#(3.2134 -0.15747 -0.11584 0.19384)
#(-3.4568 -0.011698 -0.36991 0.5128)
#(0.23998 1.2176 -0.20045 0.11649)
#(-3.0034 0.6985 0.047506 -0.086838)
#(-5.1727 0.98481 -0.073141 0.013426)
#(-2.29 0.014615 -0.80597 0.45749)
#(2.604 0.16092 -0.1036 0.18779)
#(-2.4632 0.1807 0.13116 0.22932)
#(3.095 -0.9312 -0.7821 -0.15033)
#(-5.1668 1.004 -0.53296 -0.013119)
#(3.2538 0.14717 -0.11539 0.20412)
#(-3.0756 0.16271 -0.015864 -0.01758)
#(3.4125 0.14034 -0.10423 0.19808)
#(-1.3741 0.85556 0.35331 -0.47481)
#(-4.7727 1.1627 1.0596 -0.86552)
#(-4.874 1.0199 1.0712 -0.88866)
#(-3.0564 0.035948 -0.59386 0.54193)
#(3.1886 -0.021169 -0.10827 0.21007)
#(-4.828 0.92403 -0.099038 -0.097634)
#(-3.0037 0.16758 0.053713 0.064734)
#(-5.7383 0.62872 -0.032453 0.27803)
#(-3.0762 -0.31534 0.10271 -0.080974)
#(-5.1609 1.0353 1.0136 -0.87605)
#(0.60078 0.67246 -0.45226 -0.58617)
#(2.9427 -1.1131 -0.040288 -0.07126)
#(-5.2844 1.0824 0.91933 -0.9734)
#(-2.9963 0.016154 -0.40195 0.43477)
#(-5.2741 0.89509 0.92039 -1.7037)
#(2.894 0.085553 -0.09578 0.22764)
#(-5.1882 1.0228 0.98304 -1.7898)
#(-4.9753 0.88875 0.96802 -0.7312)
#(-4.8796 0.81609 0.94777 -0.92628)
#(2.986 -0.87748 0.14111 -0.051765)
#(2.9534 -0.016153 -0.097159 0.18697)
#(-5.2291 0.69261 -0.15289 -0.12741)
#(-5.0345 1.4513 -0.0077294 -0.13213)
#(-3.0472 -0.20627 -0.0051229 -0.10348)
#(-4.7827 1.0254 0.93174 -0.66417)
#(3.1196 -0.83575 0.50605 -0.044371)
#(-4.7546 0.94394 -0.288 -0.03862)
#(-5.0644 0.74123 0.056957 0.081783)
#(-2.4012 -0.094224 -0.46647 0.28907)
#(3.0851 -0.82156 -0.058673 -0.045068)
#(-4.9296 0.92488 0.93554 -1.2063)
#(-2.9678 -0.47096 -0.0095717 0.045754)
#(-3.0098 -0.31516 0.013934 -0.041198)
#(2.954 -0.91843 -0.38405 0.023844)
#(-5.6035 1.0731 -0.12033 -0.02876)
#(-4.932 0.73103 1.0542 -1.2731)
#(-2.7774 -0.02878 -0.57285 0.54147)
#(-4.731 1.0222 0.96164 -0.71776)
#(2.9666 -1.01 0.33087 -0.14787)
#(-5.0137 1.2644 -0.008569 -0.1519)
#(-2.3092 -0.0037964 -0.63857 0.5521)
#(-5.2794 1.0691 1.0322 -0.96396)
#(2.4061 -0.070321 -0.095344 0.19658)
#(-4.7587 1.14 -0.21801 -0.019742)
#(-2.1441 1.0081 -0.27206 0.91044)
#(-5.0919 1.1885 1.0128 -1.3005)
#(-4.2958 1.641 0.51007 0.31806)
#(-2.4565 0.0075793 -0.46276 0.59439)
#(-4.8538 1 1.0661 -0.71722)
#(-5.0568 1.1823 -0.019338 -0.08271)
#(-5.0619 0.99536 0.97759 -1.4706)
#(-4.7303 0.93045 -0.18162 -0.19857)
#(-4.7744 1.0277 -0.18902 0.085463)
#(-4.898 1.081 0.97785 -0.96184)
#(2.8044 0.91402 -0.09208 0.20629)
#(-5.0021 0.85023 -0.20443 -0.34665)
#(2.7737 0.035823 -0.092939 0.21183)
#(-5.1735 1.0839 1.0852 -0.49798)
#(-5.2105 1.2157 -0.085905 0.057452)
#(2.9254 -0.0036807 -0.10186 0.22145)
#(3.1664 -0.25552 -0.086013 0.20768)
#(-2.3816 0.12639 -0.38706 0.50963)
#(-4.8724 1.0632 0.9941 -1.5724)
#(-3.007 0.35708 -0.034249 -0.033526)
#(-4.6254 0.83354 0.98197 -1.2795)
#(3.5036 -0.12423 -0.10174 0.2026)
#(-4.6952 1.1583 -0.10983 -0.058319)
#(-2.9166 0.50849 0.041834 -0.017962)
#(-4.879 2.9692 0.61366 0.72654)
#(-5.1613 1.1507 1.0953 -2.1998)
#(-2.5734 -0.014191 -0.57776 0.43689)
#(-0.19618 3.1492 0.15033 -0.74482)
#(-2.1746 -0.0042173 -0.44374 0.41711)
#(-5.2056 0.97369 -0.14998 0.10472)
#(3.7796 0.12839 -0.099863 0.20658)
#(-5.4011 1.1015 0.0035723 0.44216)
#(-3.0495 0.41122 0.040122 -0.088204)
#(-5.0595 1.0635 0.18296 -0.028122)
#(3.0981 -0.82396 0.29523 -0.036943)
#(-5.0547 1.077 1.0347 -1.4956)
#(-3.1106 -0.35808 0.032863 0.09116)
#(-4.9881 0.75661 0.014304 0.062609)
#(3.1212 -0.91864 0.98772 -0.087378)
#(-2.7355 0.056876 -0.37354 0.53545)
#(-2.9591 0.036588 -0.013276 -0.12525)
#(3.6357 0.80839 -1.1938 0.77753)
#(3.3093 0.32786 -0.10083 0.19707)
#(-4.9479 1.2179 0.22687 0.012858)
#(-3.077 0.7328 -0.12984 0.11385)
#(-4.9509 1.0835 1.0101 -0.92168)
#(2.6483 -0.49695 -0.10188 0.20485)
#(-2.9796 0.40282 0.091152 -0.19775)
#(3.0977 0.058148 -0.099671 0.20003)
